// Jest Snapshot v1, https://goo.gl/fbAQLP

exports[`<GifCard /> Tests must match with snapshot 1`] = `
<div>
  <div
    class="card"
  >
    <img
      alt="TEST"
      src="https://google.com"
    />
    <p>
      TEST
    </p>
  </div>
</div>
`;
